=== nvidia-smi before starting -- confirm no co-tenants ===
index, memory.used [MiB], utilization.gpu [%]
0, 5 MiB, 0 %
1, 5 MiB, 0 %
2, 5 MiB, 0 %
3, 5 MiB, 0 %
=== preflight (must be 4/4) ===
/home/arsenii/jd-phase25-bench/iwrm_bench.py:143: FutureWarning: You are using `torch.load` with `weights_only=False` (the current default value), which uses the default pickle module implicitly. It is possible to construct malicious pickle data which will execute arbitrary code during unpickling (See https://github.com/pytorch/pytorch/blob/main/SECURITY.md#untrusted-models for more details). In a future release, the default value for `weights_only` will be flipped to `True`. This limits the functions that could be executed during unpickling. Arbitrary objects will no longer be allowed to be loaded via this mode unless they are explicitly allowlisted by the user via `torch.serialization.add_safe_globals`. We recommend you start setting `weights_only=True` for any use case where you don't have full control of the loaded file. Please open an issue on GitHub for any issues related to this experimental feature.
  idx = torch.load(idx_file)
Files already downloaded and verified
[gate 1] pref_vector defaults identical (None -> uniform 1/m). OK
[gate 2] autogram accepts the paper CNN; Gramian (32, 32). OK
[gate 3] 3-step trajectory max param diff = 2.00e-06 (tolerance 5e-04)
[gate 4] algorithm3 Gramian exact match. OK
preflight passed (4/4 gates)
=== pre-warming init checkpoints for every width used below ===
/home/arsenii/jd-phase25-bench/iwrm_bench.py:204: FutureWarning: You are using `torch.load` with `weights_only=False` (the current default value), which uses the default pickle module implicitly. It is possible to construct malicious pickle data which will execute arbitrary code during unpickling (See https://github.com/pytorch/pytorch/blob/main/SECURITY.md#untrusted-models for more details). In a future release, the default value for `weights_only` will be flipped to `True`. This limits the functions that could be executed during unpickling. Arbitrary objects will no longer be allowed to be loaded via this mode unless they are explicitly allowlisted by the user via `torch.serialization.add_safe_globals`. We recommend you start setting `weights_only=True` for any use case where you don't have full control of the loaded file. Please open an issue on GitHub for any issues related to this experimental feature.
  sd = torch.load(f)
done
/home/arsenii/jd-phase25-bench/iwrm_bench.py:143: FutureWarning: You are using `torch.load` with `weights_only=False` (the current default value), which uses the default pickle module implicitly. It is possible to construct malicious pickle data which will execute arbitrary code during unpickling (See https://github.com/pytorch/pytorch/blob/main/SECURITY.md#untrusted-models for more details). In a future release, the default value for `weights_only` will be flipped to `True`. This limits the functions that could be executed during unpickling. Arbitrary objects will no longer be allowed to be loaded via this mode unless they are explicitly allowlisted by the user via `torch.serialization.add_safe_globals`. We recommend you start setting `weights_only=True` for any use case where you don't have full control of the loaded file. Please open an issue on GitHub for any issues related to this experimental feature.
  idx = torch.load(idx_file)
/home/arsenii/jd-phase25-bench/iwrm_bench.py:204: FutureWarning: You are using `torch.load` with `weights_only=False` (the current default value), which uses the default pickle module implicitly. It is possible to construct malicious pickle data which will execute arbitrary code during unpickling (See https://github.com/pytorch/pytorch/blob/main/SECURITY.md#untrusted-models for more details). In a future release, the default value for `weights_only` will be flipped to `True`. This limits the functions that could be executed during unpickling. Arbitrary objects will no longer be allowed to be loaded via this mode unless they are explicitly allowlisted by the user via `torch.serialization.add_safe_globals`. We recommend you start setting `weights_only=True` for any use case where you don't have full control of the loaded file. Please open an issue on GitHub for any issues related to this experimental feature.
  sd = torch.load(f)
Files already downloaded and verified
[Mean] lr sweep (criterion: area under loss curve, paper D.1):
    lr=0.0003   AUC=   1472.70  <- best so far
    lr=0.001    AUC=   1464.92  <- best so far
    lr=0.003    AUC=   1442.14  <- best so far
    lr=0.01     AUC=   1337.34  <- best so far
    lr=0.03     AUC=   1094.86  <- best so far
    lr=0.1      AUC=    772.31  <- best so far
    lr=0.3      AUC=    494.72  <- best so far
    warning [Mean]: selected lr=0.3 is a grid endpoint; the optimum may lie outside the tested range.
[Mean] final run @ lr=0.3
[UPGrad] lr sweep (criterion: area under loss curve, paper D.1):
    lr=0.0003   AUC=   1464.72  <- best so far
    lr=0.001    AUC=   1435.33  <- best so far
    lr=0.003    AUC=   1329.64  <- best so far
    lr=0.01     AUC=   1057.37  <- best so far
    lr=0.03     AUC=    794.55  <- best so far
    lr=0.1      AUC=    471.31  <- best so far
    lr=0.3      AUC=    380.68  <- best so far
    warning [UPGrad]: selected lr=0.3 is a grid endpoint; the optimum may lie outside the tested range.
[UPGrad] final run @ lr=0.3
[PCGrad] lr sweep (criterion: area under loss curve, paper D.1):
    lr=0.0003   AUC=   1131.08  <- best so far
    lr=0.001    AUC=    920.37  <- best so far
    lr=0.003    AUC=    575.01  <- best so far
    lr=0.01     AUC=       nan  (diverged)
    lr=0.03     AUC=       nan  (diverged)
    lr=0.1      AUC=       nan  (diverged)
    lr=0.3      AUC=       nan  (diverged)
[PCGrad] final run @ lr=0.003
[MGDA] lr sweep (criterion: area under loss curve, paper D.1):
    lr=0.0003   AUC=   1473.82  <- best so far
    lr=0.001    AUC=   1467.62  <- best so far
    lr=0.003    AUC=   1448.94  <- best so far
    lr=0.01     AUC=   1355.82  <- best so far
    lr=0.03     AUC=   1268.77  <- best so far
    lr=0.1      AUC=   1263.68  <- best so far
    lr=0.3      AUC=   1514.88
[MGDA] final run @ lr=0.1
Saved /home/arsenii/jd-phase25-bench/results_extensive/figure2_cifar10.png
/home/arsenii/jd-phase25-bench/iwrm_bench.py:143: FutureWarning: You are using `torch.load` with `weights_only=False` (the current default value), which uses the default pickle module implicitly. It is possible to construct malicious pickle data which will execute arbitrary code during unpickling (See https://github.com/pytorch/pytorch/blob/main/SECURITY.md#untrusted-models for more details). In a future release, the default value for `weights_only` will be flipped to `True`. This limits the functions that could be executed during unpickling. Arbitrary objects will no longer be allowed to be loaded via this mode unless they are explicitly allowlisted by the user via `torch.serialization.add_safe_globals`. We recommend you start setting `weights_only=True` for any use case where you don't have full control of the loaded file. Please open an issue on GitHub for any issues related to this experimental feature.
  idx = torch.load(idx_file)
/home/arsenii/jd-phase25-bench/iwrm_bench.py:204: FutureWarning: You are using `torch.load` with `weights_only=False` (the current default value), which uses the default pickle module implicitly. It is possible to construct malicious pickle data which will execute arbitrary code during unpickling (See https://github.com/pytorch/pytorch/blob/main/SECURITY.md#untrusted-models for more details). In a future release, the default value for `weights_only` will be flipped to `True`. This limits the functions that could be executed during unpickling. Arbitrary objects will no longer be allowed to be loaded via this mode unless they are explicitly allowlisted by the user via `torch.serialization.add_safe_globals`. We recommend you start setting `weights_only=True` for any use case where you don't have full control of the loaded file. Please open an issue on GitHub for any issues related to this experimental feature.
  sd = torch.load(f)
Files already downloaded and verified
[SGD-ERM ]   0.033 +/- 0.001 s/epoch
[Mean    ]   0.355 +/- 0.002 s/epoch
[UPGrad  ]   0.449 +/- 0.003 s/epoch
[PCGrad  ]   0.741 +/- 0.003 s/epoch
[MGDA    ]   0.940 +/- 0.228 s/epoch

| Method | yours s/epoch | yours ratio (Mean=1) | paper ratio (Mean=1) |
|---|---|---|---|
| SGD-ERM | 0.033 +/- 0.001 | 0.09 | 0.28 |
| Mean | 0.355 +/- 0.002 | 1.00 | 1.00 |
| UPGrad | 0.449 +/- 0.003 | 1.26 | 1.14 |
| PCGrad | 0.741 +/- 0.003 | 2.08 | 1.78 |
| MGDA | 0.940 +/- 0.228 | 2.64 | 2.97 |

Saved /home/arsenii/jd-phase25-bench/results_extensive/table7_cifar10.md
/home/arsenii/jd-phase25-bench/iwrm_bench.py:143: FutureWarning: You are using `torch.load` with `weights_only=False` (the current default value), which uses the default pickle module implicitly. It is possible to construct malicious pickle data which will execute arbitrary code during unpickling (See https://github.com/pytorch/pytorch/blob/main/SECURITY.md#untrusted-models for more details). In a future release, the default value for `weights_only` will be flipped to `True`. This limits the functions that could be executed during unpickling. Arbitrary objects will no longer be allowed to be loaded via this mode unless they are explicitly allowlisted by the user via `torch.serialization.add_safe_globals`. We recommend you start setting `weights_only=True` for any use case where you don't have full control of the loaded file. Please open an issue on GitHub for any issues related to this experimental feature.
  idx = torch.load(idx_file)
/home/arsenii/jd-phase25-bench/iwrm_bench.py:204: FutureWarning: You are using `torch.load` with `weights_only=False` (the current default value), which uses the default pickle module implicitly. It is possible to construct malicious pickle data which will execute arbitrary code during unpickling (See https://github.com/pytorch/pytorch/blob/main/SECURITY.md#untrusted-models for more details). In a future release, the default value for `weights_only` will be flipped to `True`. This limits the functions that could be executed during unpickling. Arbitrary objects will no longer be allowed to be loaded via this mode unless they are explicitly allowlisted by the user via `torch.serialization.add_safe_globals`. We recommend you start setting `weights_only=True` for any use case where you don't have full control of the loaded file. Please open an issue on GitHub for any issues related to this experimental feature.
  sd = torch.load(f)
Files already downloaded and verified
[SGD-ERM (scalar)            ]   0.039 +/- 0.003 s/epoch | peak      53.5 MiB
[autojac + UPGrad            ]   0.448 +/- 0.004 s/epoch | peak     601.6 MiB
[autojac + UPGrad
(optimize_gramian)]   0.456 +/- 0.005 s/epoch | peak     601.6 MiB
[autogram + UPGradWeighting  ]   0.327 +/- 0.012 s/epoch | peak      82.2 MiB
[algo3-hadamard + UPGradWeighting]   0.201 +/- 0.005 s/epoch | peak     133.9 MiB
Saved /home/arsenii/jd-phase25-bench/results_extensive/engines_cifar10.png
=== all 4 parallel jobs finished ===
/home/arsenii/jd-phase25-bench/iwrm_bench.py:143: FutureWarning: You are using `torch.load` with `weights_only=False` (the current default value), which uses the default pickle module implicitly. It is possible to construct malicious pickle data which will execute arbitrary code during unpickling (See https://github.com/pytorch/pytorch/blob/main/SECURITY.md#untrusted-models for more details). In a future release, the default value for `weights_only` will be flipped to `True`. This limits the functions that could be executed during unpickling. Arbitrary objects will no longer be allowed to be loaded via this mode unless they are explicitly allowlisted by the user via `torch.serialization.add_safe_globals`. We recommend you start setting `weights_only=True` for any use case where you don't have full control of the loaded file. Please open an issue on GitHub for any issues related to this experimental feature.
  idx = torch.load(idx_file)
/home/arsenii/jd-phase25-bench/iwrm_bench.py:204: FutureWarning: You are using `torch.load` with `weights_only=False` (the current default value), which uses the default pickle module implicitly. It is possible to construct malicious pickle data which will execute arbitrary code during unpickling (See https://github.com/pytorch/pytorch/blob/main/SECURITY.md#untrusted-models for more details). In a future release, the default value for `weights_only` will be flipped to `True`. This limits the functions that could be executed during unpickling. Arbitrary objects will no longer be allowed to be loaded via this mode unless they are explicitly allowlisted by the user via `torch.serialization.add_safe_globals`. We recommend you start setting `weights_only=True` for any use case where you don't have full control of the loaded file. Please open an issue on GitHub for any issues related to this experimental feature.
  sd = torch.load(f)
Files already downloaded and verified
[w=1 (0.13M) m=  4] forward 0.266s | gramian_pass 1.201s | weighting_qp 0.153s | backward_step 0.192s || QP share =  8.5%
[w=1 (0.13M) m=  8] forward 0.134s | gramian_pass 0.601s | weighting_qp 0.095s | backward_step 0.093s || QP share = 10.3%
[w=1 (0.13M) m= 16] forward 0.069s | gramian_pass 0.309s | weighting_qp 0.073s | backward_step 0.050s || QP share = 14.5%
[w=1 (0.13M) m= 32] forward 0.032s | gramian_pass 0.161s | weighting_qp 0.104s | backward_step 0.025s || QP share = 32.3%
[w=1 (0.13M) m= 64] forward 0.015s | gramian_pass 0.076s | weighting_qp 0.355s | backward_step 0.015s || QP share = 77.1%
[w=4 (2.11M) m=  4] forward 0.264s | gramian_pass 1.224s | weighting_qp 0.154s | backward_step 0.187s || QP share =  8.4%
[w=4 (2.11M) m=  8] forward 0.133s | gramian_pass 0.638s | weighting_qp 0.097s | backward_step 0.094s || QP share = 10.0%
[w=4 (2.11M) m= 16] forward 0.073s | gramian_pass 0.310s | weighting_qp 0.073s | backward_step 0.058s || QP share = 14.2%
[w=4 (2.11M) m= 32] forward 0.034s | gramian_pass 0.184s | weighting_qp 0.100s | backward_step 0.043s || QP share = 27.7%
[w=4 (2.11M) m= 64] forward 0.018s | gramian_pass 0.153s | weighting_qp 0.360s | backward_step 0.036s || QP share = 63.6%
[w=8 (8.42M) m=  4] forward 0.274s | gramian_pass 1.283s | weighting_qp 0.152s | backward_step 0.208s || QP share =  7.9%
[w=8 (8.42M) m=  8] forward 0.131s | gramian_pass 0.735s | weighting_qp 0.102s | backward_step 0.144s || QP share =  9.2%
[w=8 (8.42M) m= 16] forward 0.063s | gramian_pass 0.495s | weighting_qp 0.069s | backward_step 0.096s || QP share =  9.5%
[w=8 (8.42M) m= 32] forward 0.036s | gramian_pass 0.409s | weighting_qp 0.095s | backward_step 0.078s || QP share = 15.4%
[w=8 (8.42M) m= 64] forward 0.033s | gramian_pass 0.415s | weighting_qp 0.368s | backward_step 0.071s || QP share = 41.5%
Saved /home/arsenii/jd-phase25-bench/results_extensive/decompose_cifar10.png
=== merging per-GPU scaling JSONs (avoids the filename-collision bug) ===
merged widths per engine: {'autojac': [1, 2, 4, 8, 16, 32], 'autogram': [1, 2, 4, 8, 16, 32], 'algo3-hadamard': [1, 2, 4, 8, 16, 32, 64, 96, 128, 160, 192, 256]}
=== bundling ===
DONE. Bundle: /home/arsenii/jd-phase25-bench/results_extensive/results_bundle_20260721_133325.zip
